// Jest Snapshot v1, https://goo.gl/fbAQLP

exports[`<Typography /> should has the same snapshot 1`] = `
<Text
  style={
    {
      "color": "black",
      "fontFamily": "Metropolis Bold",
      "fontSize": 14,
      "fontWeight": "800",
    }
  }
>
  Hello
</Text>
`;
